---
- council_reference: 13242/2025
  address: 175-177 Wiseman Road West EDMONTON QLD 4869
  description: Reconfiguring a Lot 1 Lot into 2 Lots
  info_url: https://eservices.cairns.qld.gov.au/eservice/daEnquiryInit.do?nodeNum=227
  date_received: '2025-01-06'
  date_scraped: '2025-01-28'
- council_reference: 13243/2025
  address: 59 Greenbank Road AEROGLEN QLD 4870
  description: Material Change of Use Transport Depot
  info_url: https://eservices.cairns.qld.gov.au/eservice/daEnquiryInit.do?nodeNum=227
  date_received: '2025-01-07'
  date_scraped: '2025-01-28'
- council_reference: 13244/2025
  address: 139-149 Bruce Highway EDMONTON QLD 4869
  description: Combined Application Material Change of Use for Hotel and Shop and
    Building Works (Place of Significance)
  info_url: https://eservices.cairns.qld.gov.au/eservice/daEnquiryInit.do?nodeNum=227
  date_received: '2025-01-08'
  date_scraped: '2025-01-28'
- council_reference: 13245/2025
  address: 41 Reefsedge Way KEWARRA BEACH QLD 4879
  description: Change Application (Minor) Reconfiguring a Lot (1 into 176 Lots, Park
    and Balance Land - Stages 1-4)  and Operational Works (Civil Works & Landscaping
    - Stages 1 & 2) - The Palms Development
  info_url: https://eservices.cairns.qld.gov.au/eservice/daEnquiryInit.do?nodeNum=227
  date_received: '2025-01-09'
  date_scraped: '2025-01-28'
- council_reference: 13246/2025
  address: 107-111 Louie Piccone Way EDMONTON QLD 4869
  description: Material Change of Use Telecommunication Facility
  info_url: https://eservices.cairns.qld.gov.au/eservice/daEnquiryInit.do?nodeNum=227
  date_received: '2025-01-09'
  date_scraped: '2025-01-28'
- council_reference: 13247/2025
  address: 17 Cayley Street TRINITY BEACH QLD 4879
  description: Reconfiguring a Lot Boundary Realignment & Creation of Access Easement
  info_url: https://eservices.cairns.qld.gov.au/eservice/daEnquiryInit.do?nodeNum=227
  date_received: '2025-01-14'
  date_scraped: '2025-01-28'
- council_reference: 13248/2025
  address: 14 Coogera Court BENTLEY PARK QLD 4869
  description: Exemption Request Dwelling House
  info_url: https://eservices.cairns.qld.gov.au/eservice/daEnquiryInit.do?nodeNum=227
  date_received: '2025-01-13'
  date_scraped: '2025-01-28'
- council_reference: 13249/2025
  address: 1-3 Frond Close REDLYNCH QLD 4870
  description: Building Works Against the Planning Scheme Secondary Dwelling
  info_url: https://eservices.cairns.qld.gov.au/eservice/daEnquiryInit.do?nodeNum=227
  date_received: '2025-01-14'
  date_scraped: '2025-01-28'
- council_reference: 13250/2025
  address: Unit 5 87-91 Lake Street CAIRNS CITY QLD 4870
  description: Material Change of Use Bar
  info_url: https://eservices.cairns.qld.gov.au/eservice/daEnquiryInit.do?nodeNum=227
  date_received: '2025-01-15'
  date_scraped: '2025-01-28'
- council_reference: 13251/2025
  address: Unit 4 362 McCoombe Street MOOROOBOOL QLD 4870
  description: Building Works Assessable Against the Planning Scheme Patio
  info_url: https://eservices.cairns.qld.gov.au/eservice/daEnquiryInit.do?nodeNum=227
  date_received: '2025-01-15'
  date_scraped: '2025-01-28'
- council_reference: 13252/2025
  address: Unit 6 201-203 McLeod Street CAIRNS NORTH QLD 4870
  description: Building Works Assessable Against the Planning Scheme Patio
  info_url: https://eservices.cairns.qld.gov.au/eservice/daEnquiryInit.do?nodeNum=227
  date_received: '2025-01-16'
  date_scraped: '2025-01-28'
- council_reference: 13253/2025
  address: 24 Lapwing Place SMITHFIELD QLD 4878
  description: Operational Works Works on Road Reserve
  info_url: https://eservices.cairns.qld.gov.au/eservice/daEnquiryInit.do?nodeNum=227
  date_received: '2025-01-16'
  date_scraped: '2025-01-28'
- council_reference: 13254/2025
  address: 5 Collins Avenue EDGE HILL QLD 4870
  description: Building Works Assessable Against the Planning Scheme Shed and Garage
  info_url: https://eservices.cairns.qld.gov.au/eservice/daEnquiryInit.do?nodeNum=227
  date_received: '2025-01-17'
  date_scraped: '2025-01-28'
- council_reference: 13255/2025
  address: 35-41 Skull Road WHITE ROCK QLD 4868
  description: Change Application (Minor) Material Change of Use (Multiple Dwelling)
  info_url: https://eservices.cairns.qld.gov.au/eservice/daEnquiryInit.do?nodeNum=227
  date_received: '2025-01-17'
  date_scraped: '2025-01-28'
- council_reference: 13256/2025
  address: 203 Wiseman Road West EDMONTON QLD 4869
  description: Exemption Request Dwelling House
  info_url: https://eservices.cairns.qld.gov.au/eservice/daEnquiryInit.do?nodeNum=227
  date_received: '2025-01-17'
  date_scraped: '2025-01-28'
- council_reference: 13257/2025
  address: Maher Road GORDONVALE QLD 4865
  description: Operational Works External Water Main
  info_url: https://eservices.cairns.qld.gov.au/eservice/daEnquiryInit.do?nodeNum=227
  date_received: '2025-01-17'
  date_scraped: '2025-01-28'
- council_reference: 13258/2025
  address: 18 Bouganvillea Street HOLLOWAYS BEACH QLD 4878
  description: SP 350352 Building Format Plan No Stage Name 1 Lot into 2 Lots
  info_url: https://eservices.cairns.qld.gov.au/eservice/daEnquiryInit.do?nodeNum=227
  date_received: '2025-01-16'
  date_scraped: '2025-01-28'
- council_reference: 13259/2025
  address: 3000L Moorinya Circuit MOUNT PETER QLD 4869
  description: Operational Works Earthworks >500m3
  info_url: https://eservices.cairns.qld.gov.au/eservice/daEnquiryInit.do?nodeNum=227
  date_received: '2025-01-20'
  date_scraped: '2025-01-28'
- council_reference: 13260/2025
  address: 3L Hickling Access GORDONVALE QLD 4865
  description: Extension Application Reconfiguring of a Lot (1 into 226)
  info_url: https://eservices.cairns.qld.gov.au/eservice/daEnquiryInit.do?nodeNum=227
  date_received: '2025-01-21'
  date_scraped: '2025-01-28'
- council_reference: 13261/2025
  address: Unit 1 26-28 Mt Milman Drive SMITHFIELD QLD 4878
  description: Material Change of Use Food and drink outlet
  info_url: https://eservices.cairns.qld.gov.au/eservice/daEnquiryInit.do?nodeNum=227
  date_received: '2025-01-21'
  date_scraped: '2025-01-28'
- council_reference: 13262/2025
  address: 237-243 Howard Kennedy Drive BABINDA QLD 4861
  description: Operational Works Extension of Currency Period
  info_url: https://eservices.cairns.qld.gov.au/eservice/daEnquiryInit.do?nodeNum=227
  date_received: '2025-01-22'
  date_scraped: '2025-01-28'
- council_reference: 13263/2025
  address: 160 Stanton Road SMITHFIELD QLD 4878
  description: Material Change of Use Home Based Business
  info_url: https://eservices.cairns.qld.gov.au/eservice/daEnquiryInit.do?nodeNum=227
  date_received: '2025-01-23'
  date_scraped: '2025-01-28'
- council_reference: 13264/2025
  address: 23-25 Shields Street CAIRNS CITY QLD 4870
  description: Material Change of Use Hotel
  info_url: https://eservices.cairns.qld.gov.au/eservice/daEnquiryInit.do?nodeNum=227
  date_received: '2025-01-23'
  date_scraped: '2025-01-28'
